<html>
<body>
<pre>
<h1>µVision Build Log</h1>
<h2>Tool Versions:</h2>
IDE-Version: ¦ÌVision V5.12.0.0
Copyright (C) 2014 ARM Ltd and ARM Germany GmbH. All rights reserved.
License Information: t t, t, LIC=JL2Y8-32NPZ-XUA41-CQRDW-4IUFM-CG59P
 
Tool Versions:
Toolchain:       MDK-ARM Standard  Version: 5.12.0.0
Toolchain Path:  C:\Keil_v5\ARM\ARMCC\Bin
C Compiler:      Armcc.exe V5.05 (build 41)
Assembler:       Armasm.exe V5.05 (build 41)
Linker/Locator:  ArmLink.exe V5.05 (build 41)
Library Manager: ArmAr.exe V5.05 (build 41)
Hex Converter:   FromElf.exe V5.05 (build 41)
CPU DLL:         SARMCM3.DLL V5.12.0.0
Dialog DLL:      DCM.DLL V1.13.0.0
    Target DLL: Segger\JL2CM3.dll
Dialog DLL:      TCM.DLL V1.14.2.0
 
<h2>Project:</h2>
C:\yetanotherpilot\project\keil\pilotF4.uvprojx
Project File Date:  02/13/2015

<h2>Output:</h2>
Build target 'pilotF4'
compiling pilot.cpp...
linking...
Program Size: Code=105340 RO-data=2156 RW-data=3044 ZI-data=105356  
FromELF: creating hex file...
"..\..\output\pilotF4.axf" - 0 Error(s), 0 Warning(s).

<h2>Collection of Component include folders:</h2>
  C:\yetanotherpilot\project\keil\RTE
  C:\Keil_v5\ARM\PACK\Keil\STM32F4xx_DFP\1.0.8\Device\Include

<h2>Collection of Component Files used:</h2>
 this directive is missing
  #endif
..\..\main\pilot.cpp(2739): error:  #337: linkage specification is incompatible with previous "Mal_Accessed" (declared at line 2732)
  extern "C" int Mal_Accessed(void);
..\..\main\pilot.cpp: 0 warnings, 5 errors
"..\..\output\pilotF4.axf" - 5 Error(s), 0 Warning(s).

<h2>Collection of Component include folders:</h2>
  C:\yetanotherpilot\project\keil\RTE
  C:\Keil_v5\ARM\PACK\Keil\STM32F4xx_DFP\1.0.8\Device\Include

<h2>Collection of Component Files used:</h2>
Target not created.
sd\MAX7456.c: 5 warnings, 0 errors
compiling pilot.cpp...
..\..\main\pilot.cpp(2739): error:  #337: linkage specification is incompatible with previous "Mal_Accessed" (declared at line 2732)
  extern "C" int Mal_Accessed(void);
..\..\main\pilot.cpp: 0 warnings, 1 error
compiling ahrs.cpp...
compiling pos_controll.cpp...
compiling pos_estimator.cpp...
compiling data_protocol.cpp...
compiling stm32f4xx_it.c...
compiling of_controller.cpp...
compiling adc.c...
compiling ads1115.c...
compiling ads1115_worker.c...
compiling ads1256.c...
..\..\common\ads1256.h(125): warning:  #1295-D: Deprecated declaration ads1256_end - give arg types
  void ads1256_end();
..\..\common\ads1256.h(126): warning:  #1295-D: Deprecated declaration ads1256_begin - give arg types
  void ads1256_begin();
..\..\common\ads1256.c: 2 warnings, 0 errors
compiling ads1258.c...
compiling build.c...
compiling gps.c...
compiling I2C.c...
compiling i2c_sw.c...
compiling PPM.c...
compiling printf.c...
compiling timer.c...
compiling uart4.c...
compiling vector.c...
compiling console.cpp...
compiling matrix.cpp...
compiling param.cpp...
compiling space.cpp...
compiling spaceIO.cpp...
compiling NRF24L01.c...
compiling context.c...
compiling gmath.c...
compiling info.c...
compiling parse.c...
compiling parser.c...
compiling sentence.c...
compiling time.c...
compiling tok.c...
compiling mag_offset.cpp...
compiling px4flow.cpp...
compiling adis16405.c...
compiling adxrs453.c...
compiling HMC5883.c...
..\..\sensors\HMC5883.c(62): warning:  #167-D: argument of type "char *" is incompatible with parameter of type "uint8_t *"
        I2C_ReadReg(HMC5883SlaveAddress, 0x0a, identification, 3);
..\..\sensors\HMC5883.c: 1 warning, 0 errors
compiling hp203b.c...
compiling MPU6050.c...
..\..\sensors\MPU6050.c(31): warning:  #2532-D: support for trigraphs is disabled
  #define       PWR_MGMT_1              0x6B    //????,???:0x00(????)
..\..\sensors\MPU6050.c: 1 warning, 0 errors
compiling MPU9250.c...
..\..\sensors\MPU9250.c(31): warning:  #2532-D: support for trigraphs is disabled
  #define       PWR_MGMT_1              0x6B    //????,???:0x00(????)
..\..\sensors\MPU9250.c: 1 warning, 0 errors
compiling MS5611.c...
compiling sonar.c...
compiling diskioF4.c...
compiling ff.c...
compiling stm324xg_eval.c...
compiling stm324xg_eval_sdio_sd.c...
compiling usbd_cdc_core.c...
compiling usbd_cdc_vcp.c...
..\..\usb_comF4\cdc\usbd_cdc_vcp.c(223): warning:  #167-D: argument of type "uint8_t *" is incompatible with parameter of type "const char *"
        count = parse_command_line(Buf, response);
..\..\usb_comF4\cdc\usbd_cdc_vcp.c(224): warning:  #167-D: argument of type "char *" is incompatible with parameter of type "uint8_t *"
        VCP_DataTx(response, count);
..\..\usb_comF4\cdc\usbd_cdc_vcp.c: 2 warnings, 0 errors
compiling usbd_core.c...
compiling usbd_ioreq.c...
compiling usbd_req.c...
compiling usb_core.c...
compiling usb_dcd.c...
compiling usb_dcd_int.c...
compiling usb_bsp.c...
compiling usbd_desc.c...
compiling usbd_usr.c...
compiling interrupt.c...
compiling system_stm32f4xx.c...
assembling startup_stm32f40_41xxx.s...
compiling misc.c...
compiling stm32f4xx_adc.c...
compiling stm32f4xx_can.c...
compiling stm32f4xx_crc.c...
compiling stm32f4xx_cryp.c...
compiling stm32f4xx_cryp_aes.c...
compiling stm32f4xx_cryp_des.c...
compiling stm32f4xx_cryp_tdes.c...
compiling stm32f4xx_dac.c...
compiling stm32f4xx_dbgmcu.c...
compiling stm32f4xx_dcmi.c...
compiling stm32f4xx_dma.c...
compiling stm32f4xx_dma2d.c...
compiling stm32f4xx_exti.c...
compiling stm32f4xx_flash.c...
compiling stm32f4xx_fsmc.c...
compiling stm32f4xx_gpio.c...
compiling stm32f4xx_hash.c...
compiling stm32f4xx_hash_md5.c...
compiling stm32f4xx_hash_sha1.c...
compiling stm32f4xx_i2c.c...
stm32f4xx_i2c.c: Error: L9558E: System clock tampering detected. License checkout will fail.
Product: MDK Standard 5.12
Component: ARM Compiler 5.05 (build 41)
Tool: armlink [4d0eb9]
For support see http://www.arm.com/support
Software supplied by: ARM Limited
Finished: 1 information, 0 warning and 1 error messages.
"..\..\output\pilotF4.axf" - 2 Error(s), 12 Warning(s).

<h2>Collection of Component include folders:</h2>
  C:\yetanotherpilot\project\keil\RTE
  C:\Keil_v5\ARM\PACK\Keil\STM32F4xx_DFP\1.0.8\Device\Include

<h2>Collection of Component Files used:</h2>
Target not created.
